[playcanv.as/p/JtL2iqIH/index.html]
[backblue.gif]
[fade.gif]
[index.html]
[playcanv.as/p/JtL2iqIH/index.html]
[s3-eu-west-1.amazonaws.com/images.playcanvas.com/projects/12/4763/TKYXB8-image-50.jpg]
[s3-eu-west-1.amazonaws.com/images.playcanvas.com/projects/12/4763/TKYXB8-image-25.jpg]
[s3-eu-west-1.amazonaws.com/static.playcanvas.com/images/eye.png]
[www.google-analytics.com/analytics.js]
[cdn.webglstats.com/stat.js]
[playcanv.as/p/JtL2iqIH/manifest.json]
[playcanv.as/css/styles.css]
[cdn.kik.com/kik/1.0.18/kik.js]
[s3-eu-west-1.amazonaws.com/static.playcanvas.com/images/logo_text_dark_16.png]
[s3-eu-west-1.amazonaws.com/static.playcanvas.com/images/logo_text_white_16.png]
[s3-eu-west-1.amazonaws.com/static.playcanvas.com/images/fs.png]
[s3-eu-west-1.amazonaws.com/static.playcanvas.com/images/fs_hover.png]
[s3-eu-west-1.amazonaws.com/static.playcanvas.com/images/fb_hover.png]
[s3-eu-west-1.amazonaws.com/static.playcanvas.com/images/tw.png]
[s3-eu-west-1.amazonaws.com/static.playcanvas.com/images/fb.png]
[s3-eu-west-1.amazonaws.com/static.playcanvas.com/images/tw_hover.png]
[s3-eu-west-1.amazonaws.com/static.playcanvas.com/images/kik.png]
[s3-eu-west-1.amazonaws.com/static.playcanvas.com/images/gp.png]
[s3-eu-west-1.amazonaws.com/static.playcanvas.com/images/gp_hover.png]
[s3-eu-west-1.amazonaws.com/static.playcanvas.com/images/kik_hover.png]
[s3-eu-west-1.amazonaws.com/static.playcanvas.com/images/logo/PLAY_FLAT_ORANGE3_SMALL.png]
