[playcanv.as/p/JtL2iqIH/index.html]
[backblue.gif]
[fade.gif]
[index.html]
[s3-eu-west-1.amazonaws.com/images.playcanvas.com/projects/12/4763/TKYXB8-image-50.jpg]
[s3-eu-west-1.amazonaws.com/images.playcanvas.com/projects/12/4763/TKYXB8-image-25.jpg]
[playcanv.as/p/JtL2iqIH/manifest.json]
[s3-eu-west-1.amazonaws.com/static.playcanvas.com/images/eye.png]
[cdn.kik.com/kik/1.0.18/kik.js]
[playcanvas.com/index.html]
[www.google-analytics.com/analytics.js]
[cdn.webglstats.com/stat.js]
[playcanv.as/p/JtL2iqIH/index.html]
[s3-eu-west-1.amazonaws.com/static.playcanvas.com/images/logo_text_dark_16.png]
[s3-eu-west-1.amazonaws.com/static.playcanvas.com/images/logo_text_white_16.png]
[s3-eu-west-1.amazonaws.com/static.playcanvas.com/images/fs.png]
[s3-eu-west-1.amazonaws.com/static.playcanvas.com/images/fs_hover.png]
[s3-eu-west-1.amazonaws.com/static.playcanvas.com/images/fb.png]
[s3-eu-west-1.amazonaws.com/static.playcanvas.com/images/fb_hover.png]
[s3-eu-west-1.amazonaws.com/static.playcanvas.com/images/tw.png]
[s3-eu-west-1.amazonaws.com/static.playcanvas.com/images/tw_hover.png]
[s3-eu-west-1.amazonaws.com/static.playcanvas.com/images/gp.png]
[s3-eu-west-1.amazonaws.com/static.playcanvas.com/images/gp_hover.png]
[s3-eu-west-1.amazonaws.com/static.playcanvas.com/images/kik.png]
[s3-eu-west-1.amazonaws.com/static.playcanvas.com/images/kik_hover.png]
[s3-eu-west-1.amazonaws.com/static.playcanvas.com/images/logo/PLAY_FLAT_ORANGE3_SMALL.png]
[playcanv.as/css/styles.css]
[s3-eu-west-1.amazonaws.com/apps.playcanvas.com/R2axJfsc/index.4.delayed]
[s3-eu-west-1.amazonaws.com/apps.playcanvas.com/R2axJfsc/index.4.delayed]
[playcanvas.com/{{favicon}}]
[netdna.bootstrapcdn.com/font-awesome/4.0.3/css/font-awesome.css]
[playcanvas.com/static/platform/css/styles.css]
[playcanvas.com/static/platform/css/new_styles.css]
[playcanvas.com/static/platform/css/error.css]
[playcanvas.com/static/platform/js/common/common.js]
[playcanvas.com/static/platform/js/common/pageview.js]
[playcanvas.com/static/platform/js/jquery-2.0.3.min.js]
[js.stripe.com/v2/index.html]
[playcanvas.com/static/platform/js/angular-animate.min.js]
[playcanvas.com/static/platform/js/angular-route.min.js]
[playcanvas.com/static/platform/js/angular.min.js]
[playcanvas.com/static/platform/js/angular-resource.min.js]
[playcanvas.com/static/platform/js/angular-sanitize.min.js]
[playcanvas.com/static/platform/js/angular-gettext.min.js]
[playcanvas.com/static/platform/js/moment.min.js]
[playcanvas.com/static/platform/js/bootstrap.js]
[playcanvas.com/static/platform/js/i18n/ja.js]
[msg.playcanvas.com/events.js]
[msg.playcanvas.com/messenger.js]
[playcanvas.com/index.html]
[playcanvas.com/static/platform/app-min.js]
[facebook.com/sharer.7076c.delayed]
[playcanvas.com/{{favicon}}.html]
[netdna.bootstrapcdn.com/font-awesome/4.0.3/css/font-awesome.css]
[playcanvas.com/static/platform/fonts/bootstrap/glyphicons-halflings-regular.eot]
[playcanvas.com/static/platform/fonts/bootstrap/glyphicons-halflings-regulard41d.eot]
[playcanvas.com/static/platform/fonts/bootstrap/glyphicons-halflings-regular.woff2]
[playcanvas.com/static/platform/fonts/bootstrap/glyphicons-halflings-regular.woff]
[playcanvas.com/static/platform/fonts/bootstrap/glyphicons-halflings-regular.ttf]
[playcanvas.com/static/platform/fonts/bootstrap/glyphicons-halflings-regular.svg]
[s3-eu-west-1.amazonaws.com/static.playcanvas.com/fonts/proxima_nova_regular.31.delayed]
[s3-eu-west-1.amazonaws.com/static.playcanvas.com/fonts/proxima_nova_regulard41d.eot]
[s3-eu-west-1.amazonaws.com/static.playcanvas.com/fonts/proxima_nova_regular.woff2]
[s3-eu-west-1.amazonaws.com/static.playcanvas.com/fonts/proxima_nova_regular.woff]
[s3-eu-west-1.amazonaws.com/static.playcanvas.com/fonts/proxima_nova_regular.ttf]
[s3-eu-west-1.amazonaws.com/static.playcanvas.com/fonts/proxima_nova_light.eot]
[s3-eu-west-1.amazonaws.com/static.playcanvas.com/fonts/proxima_nova_lightd41d.eot]
[s3-eu-west-1.amazonaws.com/static.playcanvas.com/fonts/proxima_nova_light.woff2]
[s3-eu-west-1.amazonaws.com/static.playcanvas.com/fonts/proxima_nova_light.woff]
[s3-eu-west-1.amazonaws.com/static.playcanvas.com/fonts/proxima_nova_light.ttf]
[s3-eu-west-1.amazonaws.com/static.playcanvas.com/fonts/proxima_nova_bold.eot]
[s3-eu-west-1.amazonaws.com/static.playcanvas.com/fonts/proxima_nova_boldd41d.eot]
[s3-eu-west-1.amazonaws.com/static.playcanvas.com/fonts/proxima_nova_bold.woff2]
[s3-eu-west-1.amazonaws.com/static.playcanvas.com/fonts/proxima_nova_bold.woff]
[s3-eu-west-1.amazonaws.com/static.playcanvas.com/fonts/proxima_nova_bold.ttf]
[s3-eu-west-1.amazonaws.com/static.playcanvas.com/fonts/proxima_nova_thin_t.eot]
[s3-eu-west-1.amazonaws.com/static.playcanvas.com/fonts/proxima_nova_thin_td41d.eot]
[s3-eu-west-1.amazonaws.com/static.playcanvas.com/fonts/proxima_nova_thin_t.woff2]
[s3-eu-west-1.amazonaws.com/static.playcanvas.com/fonts/proxima_nova_thin_t.woff]
[s3-eu-west-1.amazonaws.com/static.playcanvas.com/fonts/proxima_nova_thin_t.ttf]
[s3-eu-west-1.amazonaws.com/static.playcanvas.com/fonts/uifont-solid.eot]
[s3-eu-west-1.amazonaws.com/static.playcanvas.com/fonts/uifont-solidd41d.eot]
[s3-eu-west-1.amazonaws.com/static.playcanvas.com/fonts/uifont-solid.ttf]
[playcanvas.com/images/common/HOME_CHEVRON.png]
[s3-eu-west-1.amazonaws.com/static.playcanvas.com/platform/images/loader.gif]
[s3-eu-west-1.amazonaws.com/static.playcanvas.com/images/bcg_primary.jpg]
[playcanvas.com/static/platform/css/styles.css]
[s3-eu-west-1.amazonaws.com/static.playcanvas.com/platform/images/frontpage/orange_arrow.png]
[playcanvas.com/static/platform/css/new_styles.css]
[playcanvas.com/static/platform/css/error.css]
[playcanvas.com/No suitable transport protocol for Stripe.js]
[js.stripe.com/v2/index.html]
[playcanvas.com/static/platform/fonts/bootstrap/glyphicons-halflings-regular.html]
[playcanvas.com/static/platform/fonts/bootstrap/glyphicons-halflings-regulard41d.html]
[playcanvas.com/static/platform/fonts/bootstrap/glyphicons-halflings-regular-2.html]
[playcanvas.com/static/platform/fonts/bootstrap/glyphicons-halflings-regular-3.html]
[playcanvas.com/static/platform/fonts/bootstrap/glyphicons-halflings-regular-4.html]
[playcanvas.com/static/platform/fonts/bootstrap/glyphicons-halflings-regular-5.html]
[s3-eu-west-1.amazonaws.com/static.playcanvas.com/fonts/uifont-solid.svg]
[api.stripe.com/v1.4d.delayed]
[playcanvas.com/$1]
[playcanvas.com/$1/index.html]
[playcanvas.com/No suitable transport protocol for Stripe.html]
[playcanvas.com/AppleWebKit]
[playcanvas.com/AppleWebKit/index.html]
[www.w3.org/2000/svg.4f.delayed]
[playcanvas.com/$1.html]
[playcanvas.com/AppleWebKit.html]
